NAME: test-mysql
LAST DEPLOYED: Fri Dec 24 17:26:44 2021
NAMESPACE: default
STATUS: deployed
REVISION: 1
TEST SUITE: None
NOTES:
CHART NAME: mysql
CHART VERSION: 8.8.16
APP VERSION: 8.0.27

** Please be patient while the chart is being deployed **

Tip:

  Watch the deployment status using the command: kubectl get pods -w --namespace default

Services:

  echo Primary: test-mysql.default.svc.cluster.local:3306

Execute the following to get the administrator credentials:

  echo Username: root
  MYSQL_ROOT_PASSWORD=$(kubectl get secret --namespace default test-mysql -o jsonpath="{.data.mysql-root-password}" | base64 --decode)

To connect to your database:

  1. Run a pod that you can use as a client:

      kubectl run test-mysql-client --rm --tty -i --restart='Never' --image  docker.io/bitnami/mysql:8.0.27-debian-10-r35 --namespace default --command -- bash

  2. To connect to primary service (read/write):

      mysql -h test-mysql.default.svc.cluster.local -uroot -p"$MYSQL_ROOT_PASSWORD"



To upgrade this helm chart:

  1. Obtain the password as described on the 'Administrator credentials' section and set the 'root.password' parameter as shown below:

      ROOT_PASSWORD=$(kubectl get secret --namespace default test-mysql -o jsonpath="{.data.mysql-root-password}" | base64 --decode)
      helm upgrade --namespace default test-mysql bitnami/mysql --set auth.rootPassword=$ROOT_PASSWORD